Alignment file: all.TssKNTDs.90.aln.round1.fasta 


 **************PRE-ANALYSIS************** 

Average: 24.6809936908517
Median: 25
Typical deviation: 1.24271826126569
Quartile Q3: 25
Quartile Q1: 25
Percentile90: 25
Percentile95: 25
Percentile99: 25
Outliers: A0A5C2BYD3(23)
 A0A097EMM6(23)
 A0A1F2Z690(24)
 A0A0N0V0H5(18)
 UPI0003F61B23(24)
 A0A2C6DT85(24)
 A0A2C6DSP9(24)
 A0A2V4E9V7(24)
 A0A1B9M9G7(24)
 A0A318MPE3(24)
 A0A269PQB5(23)
 A0A1L6LI51(12)
 C1AEI2(23)
 A0A2V7T746(20)
 A0A321LWE7(23)
 A0A2Z5G2D6(20)
 A0A372IR01(23)
 E8X5S1(23)
 UPI0003824622(14)
 UPI000E3BF235(21)
 UPI000CF87769(21)
 A0A0C1Z6T2(21)
 A6G7Y1(23)
 UPI00029ACC0A(18)
 A0A517SI40(18)
 A0A0J9B1F2(23)
 A0A540VTK0(23)
 UPI000D5E17F1(23)
 A0A2E0YGE7(19)
 A0A370QEM3(12)
 A0A0Q4MMY9(22)
 A0A1V4GU75(21)
 C4L8G4(23)
 UPI0004B07060(23)
 A0A3G2HZ28(23)
 A0A1E5CX67(23)
 A0A0F9Y2A8(24)
 A0A090IRX2(23)
 A0A1B9PPT5(23)
 B6EJ69(23)
 A0A235C9G3(23)
 A0A2T3MYN4(23)
 A0A1I2DXX5(21)
 A0A0F7BNA6(21)
 UPI00035C620D(18)
 UPI000551AE56(23)
 A0A3E1E5Q4(18)
 A0A0S8GS01(20)
 A0A178IKU6(18)
 B4D1R5(21)
 A0A2U8E5C3(20)
 A0A2E2N7X5(21)
 A0A3M2BB71(23)
 A0A2V5VPS9(21)
 A0A1F9AUT6(18)
 A0A329J8V4(21)
 A0A1H5UE58(19)
 A0A5B8RDM7(19)
 A0A2W7FM03(14)
 UPI00082AFD98(22)
 A0A4R3Z0R2(22)
 A0A158K710(20)
 A0A1W1BCK5(22)
 A0A4Q0YEZ8(23)
 D5V1H1(23)
 G2HY53(24)
 A0A2G2G576(24)
 A0A4Q0XYB1(23)
 A0A2N6FTD3(23)
 UPI000934E7A9(24)
 A0A2G1DI07(24)
 A0A2N1J0A8(24)
 A0A347TKK8(24)
 A0A4Q0ZMB4(24)
 A0A2W4LSK7(24)
 A0A1V5X2F0(23)
 A0A399M719(20)
 A0A119A7E3(24)
 A0A0N0AYW6(23)
 UPI000D646B5B(24)
 A0A3M1X3A6(23)
 A1WTE7(22)
 U1JUX9(23)
 A0A4P6P4C0(21)
 A0A3D5ENE1(21)
 A0A4Z0STF2(22)
 G7EDF8(22)
 A0A0F6A8Z2(23)
 Q3A0R3(22)
 A0A4R6M681(23)
 F2JW00(23)
 UPI000BA90256(22)
 A0A4Q0JFW1(24)
 U1JG93(23)
 A0A290T2G6(24)
 A0A0A7EG71(24)
 A0A1H7PL40(14)
 A0A1V5FKA4(18)
 A0A5C6EBN5(23)
 A0A2A2WK12(22)
 A0A5C6DAQ2(21)
 A0A4V0XNR5(20)
 A0A5C5W5Y7(18)
 A0A3D2WF86(24)
 UPI00057BE352(24)
 A0A3B1CWW3(22)
 A0A4S1CEC7(23)
 UPI00100BEC87(23)
 A0A318DB81(24)
 A0A1H9MBH0(23)
 UPI00058D2362(23)
 AT-TssK|atf:Ach5_45010(14)
 A0A3C0PG23(14)
 A0A0M5IZN4(22)
 A0A1G0HHS1(24)
 H0I1I9(23)
 A0A1I7AAB1(23)
 A0A0Q6LP22(23)
 A0A017HUM0(24)
 A0A1Q3KAK3(23)
 UPI000382E92E(23)
 A0A440WR17(23)
 A0A0E2NSC8(23)
 A0A0D6SLN4(20)
 A0A0N0V2X1(24)
 K0DKJ8(14)
 A0A4U3EZ39(18)
 A0A3G6F943(19)
 A0A249WLV0(18)
 A0A419NAZ4(22)
 A0A1X7D5D3(24)
 A0A1X3CPE4(19)
 A0A496KZ08(24)
 A0A2R4AUH0(24)
 UPI00035CF2A5(24)
 A0A1D2QTZ8(24)
 F3LHG8(24)
 A0A366CVP0(20)
 UPI0009FBEB31(20)
 UPI00040EB045(24)
 UPI000DBA7D59(24)
 A0A558NMJ3(24)
 A0A0D8CSZ4(23)
 A0A0D8DBQ8(14)
 J2LPA8(24)
 A0A3D8JNZ5(14)
 A0A0F5JUJ0(14)
 A0A0B6S328(24)
 A0A4S4AUQ3(24)
 A0A545UCR6(24)
 UPI000415731A(24)
 A0A1I1XGX0(18)
 A0A516SK25(24)
 A0A1Q3QTI5(24)
 UPI0004075D8B(20)
 UPI000C9F8553(24)
 A0A317I107(24)
 UPI000467648C(24)
 A0A0F5K4X2(24)
 UPI0009DB9B24(23)
 A0A1M3M4J1(24)
 UPI000C2F98A4(24)
 D3NZ63(24)
 A0A060DKM9(24)
 A0A150RQ60(24)
 A0A4U1IJ57(24)
 UPI000E0DD799(24)
 A0A2D5I1L9(22)
 A0A0Q8RDI2(24)
 A0A2U1WRR5(22)
 A0A1X7QEK0(24)
 A0A418VUP6(23)
 A0A3S0JKQ1(23)
 A0A2V8NUL8(24)
 A0A352FJK7(24)
 A0A1F3AUH1(24)
 A0A1W9MA42(24)
 A0A2E2E4M0(24)
 A0A3C1SE72(24)
 A0A1W9XB53(21)
 A0A518AUH6(14)
 A0A2V8VIC5(22)
 UPI000D0CB585(20)
 UPI0003790FAA(18)
 A0A517P4J1(20)
 A0A0N0D4V3(20)
 A0A3L7VBF2(23)
 W0RRD9(14)
 K1YLL0(23)
 A0A5B9QUG5(20)
 A0A1Z8M1M6(21)
 A0A2A2W8T3(21)
 A0A2D7HKN6(21)
 A0A255R557(20)
 UPI0011F35BC3(20)
 A0A0K8ME58(24)
 A0A518DTI2(24)
 A0A1U7CTH8(20)
 A0A518G587(20)
 UPI0002FE5382(23)
 D2QZL7(20)
 A0A518K890(21)
 A0A538RYK1(20)
 A0A3A0D879(23)
 A0A3L7RQF0(24)
 A0A3A0E1G9(22)
 A0A2G2IJ04(21)
 A0A2E8D128(20)
 R1GU68(24)
 UPI0008104ECB(20)
 A0A3F3IL67(20)
 BM5;BPS4-TssK|bmal:DM55_4711(23)
 A0A2N2FNQ8(20)
 A0A1Z8RD05(24)
 A0A4Q3BN61(18)
 UPI0009A50C7D(24)
 A0A1C3CXF6(20)
 C7R9P1(24)
 A0A2K9B4P4(24)
 UPI0005656EAD(23)
 A0A4Q3J260(23)
 A0A350CRN2(23)
 A0A353U4S6(23)
 A0A085EST3(23)
 A0A2S2DJA6(23)
 A0A1S9A809(23)
 A0A2S8GY71(23)
 A0A1S9AH41(23)
 UPI00036D43AB(23)
 A0A0Q5H7Q9(23)
 A0A1Y6H753(22)
 UPI0011ECE27B(23)
 A0A1B3WAX1(23)
 UPI000737ADBE(23)
 A0A4Z1R9K9(23)
 A0A3M8SM58(23)
 A0A0Q8IV84(23)
 A0A3N4V0C8(23)
 UPI00112737F2(22)
 A0A0H1AY63(22)
 A0A023Y2A5(22)
 A0A2Z3YD08(22)
 A0A354Y7S3(22)
 UPI0003B691AC(22)
 A0A2N4XKE0(19)
 A0A3R9AV63(23)
 A0A0Q6VW87(23)
 A0A4Q3KNJ6(24)
 A0A562RJI3(23)
 A0A2S8H7S2(23)
 A0A2R4CAX7(23)
 A0A562PHX1(23)
 A0A4Y9SDJ1(23)
 A0A3E1S157(23)
 A0A0Q8RVU8(24)
 A0A5C7G5E4(24)
 A0A418XAE7(24)
 A0A4Y9SZM5(23)
 A0A411X1I1(23)
 A0A430HFD0(23)
 A0A2U2HDF6(22)
 A0A2N7RR09(23)
 A0A1A7BXS2(22)
 

 **************ALIGNMENT ANALYSIS************** 

Substitution matrix file used: blosum62 
Gap penalty used: -6 
Gap threshold used: 0 


Original alignment: 2536 genes with 25 positions
Score: 211403760 

Sequence with higher numer of gaps: A0A1L6LI51
Weight: -106333 

Sequence with less contribution to alignment score: A0A1L6LI51
Weight: -106333 

Sequence with higher gappiness value: A0A2E8CLL9
Gappiness value: 0.01276
Weight: 73064 
**************WARNINGS************** 

I can't find X simbol in the substitution matrix
I can't find A simbol in the substitution matrix
